Archive member included to satisfy reference by file (symbol)

d:/tools/gcc-arm-none-eabi-10.3-2021.10/bin/../lib/gcc/arm-none-eabi/10.3.1/thumb/v7e-m/nofp\libgcc.a(_arm_mulsf3.o)
                              CMakeFiles/clionDemo.elf.dir/Core/Src/system_stm32h7xx.c.obj (__aeabi_fmul)
d:/tools/gcc-arm-none-eabi-10.3-2021.10/bin/../lib/gcc/arm-none-eabi/10.3.1/thumb/v7e-m/nofp\libgcc.a(_arm_addsubsf3.o)
                              CMakeFiles/clionDemo.elf.dir/Core/Src/system_stm32h7xx.c.obj (__aeabi_fadd)
d:/tools/gcc-arm-none-eabi-10.3-2021.10/bin/../lib/gcc/arm-none-eabi/10.3.1/thumb/v7e-m/nofp\libgcc.a(_arm_muldivsf3.o)
                              CMakeFiles/clionDemo.elf.dir/Core/Src/system_stm32h7xx.c.obj (__aeabi_fdiv)
d:/tools/gcc-arm-none-eabi-10.3-2021.10/bin/../lib/gcc/arm-none-eabi/10.3.1/thumb/v7e-m/nofp\libgcc.a(_arm_fixunssfsi.o)
                              CMakeFiles/clionDemo.elf.dir/Core/Src/system_stm32h7xx.c.obj (__aeabi_f2uiz)
d:/tools/gcc-arm-none-eabi-10.3-2021.10/bin/../lib/gcc/arm-none-eabi/10.3.1/thumb/v7e-m/nofp\libgcc.a(_aeabi_uldivmod.o)
                              CMakeFiles/clionDemo.elf.dir/Drivers/STM32H7xx_HAL_Driver/Src/stm32h7xx_hal_uart.c.obj (__aeabi_uldivmod)
d:/tools/gcc-arm-none-eabi-10.3-2021.10/bin/../lib/gcc/arm-none-eabi/10.3.1/thumb/v7e-m/nofp\libgcc.a(_udivmoddi4.o)
                              d:/tools/gcc-arm-none-eabi-10.3-2021.10/bin/../lib/gcc/arm-none-eabi/10.3.1/thumb/v7e-m/nofp\libgcc.a(_aeabi_uldivmod.o) (__udivmoddi4)
d:/tools/gcc-arm-none-eabi-10.3-2021.10/bin/../lib/gcc/arm-none-eabi/10.3.1/thumb/v7e-m/nofp\libgcc.a(_dvmd_tls.o)
                              d:/tools/gcc-arm-none-eabi-10.3-2021.10/bin/../lib/gcc/arm-none-eabi/10.3.1/thumb/v7e-m/nofp\libgcc.a(_aeabi_uldivmod.o) (__aeabi_ldiv0)
d:/tools/gcc-arm-none-eabi-10.3-2021.10/bin/../lib/gcc/arm-none-eabi/10.3.1/../../../../arm-none-eabi/lib/thumb/v7e-m/nofp\libg.a(lib_a-errno.o)
                              CMakeFiles/clionDemo.elf.dir/Core/Src/syscalls.c.obj (__errno)
d:/tools/gcc-arm-none-eabi-10.3-2021.10/bin/../lib/gcc/arm-none-eabi/10.3.1/../../../../arm-none-eabi/lib/thumb/v7e-m/nofp\libg.a(lib_a-exit.o)
                              d:/tools/gcc-arm-none-eabi-10.3-2021.10/bin/../lib/gcc/arm-none-eabi/10.3.1/../../../../arm-none-eabi/lib/thumb/v7e-m/nofp/crt0.o (exit)
d:/tools/gcc-arm-none-eabi-10.3-2021.10/bin/../lib/gcc/arm-none-eabi/10.3.1/../../../../arm-none-eabi/lib/thumb/v7e-m/nofp\libg.a(lib_a-impure.o)
                              d:/tools/gcc-arm-none-eabi-10.3-2021.10/bin/../lib/gcc/arm-none-eabi/10.3.1/../../../../arm-none-eabi/lib/thumb/v7e-m/nofp\libg.a(lib_a-exit.o) (_global_impure_ptr)
d:/tools/gcc-arm-none-eabi-10.3-2021.10/bin/../lib/gcc/arm-none-eabi/10.3.1/../../../../arm-none-eabi/lib/thumb/v7e-m/nofp\libg.a(lib_a-init.o)
                              d:/tools/gcc-arm-none-eabi-10.3-2021.10/bin/../lib/gcc/arm-none-eabi/10.3.1/../../../../arm-none-eabi/lib/thumb/v7e-m/nofp/crt0.o (__libc_init_array)
d:/tools/gcc-arm-none-eabi-10.3-2021.10/bin/../lib/gcc/arm-none-eabi/10.3.1/../../../../arm-none-eabi/lib/thumb/v7e-m/nofp\libg.a(lib_a-memset.o)
                              d:/tools/gcc-arm-none-eabi-10.3-2021.10/bin/../lib/gcc/arm-none-eabi/10.3.1/../../../../arm-none-eabi/lib/thumb/v7e-m/nofp/crt0.o (memset)
d:/tools/gcc-arm-none-eabi-10.3-2021.10/bin/../lib/gcc/arm-none-eabi/10.3.1/../../../../arm-none-eabi/lib/thumb/v7e-m/nofp\libg.a(lib_a-__call_atexit.o)
                              d:/tools/gcc-arm-none-eabi-10.3-2021.10/bin/../lib/gcc/arm-none-eabi/10.3.1/../../../../arm-none-eabi/lib/thumb/v7e-m/nofp\libg.a(lib_a-exit.o) (__call_exitprocs)
d:/tools/gcc-arm-none-eabi-10.3-2021.10/bin/../lib/gcc/arm-none-eabi/10.3.1/../../../../arm-none-eabi/lib/thumb/v7e-m/nofp\libg.a(lib_a-atexit.o)
                              d:/tools/gcc-arm-none-eabi-10.3-2021.10/bin/../lib/gcc/arm-none-eabi/10.3.1/../../../../arm-none-eabi/lib/thumb/v7e-m/nofp\libg.a(lib_a-__call_atexit.o) (atexit)
d:/tools/gcc-arm-none-eabi-10.3-2021.10/bin/../lib/gcc/arm-none-eabi/10.3.1/../../../../arm-none-eabi/lib/thumb/v7e-m/nofp\libg.a(lib_a-fini.o)
                              d:/tools/gcc-arm-none-eabi-10.3-2021.10/bin/../lib/gcc/arm-none-eabi/10.3.1/../../../../arm-none-eabi/lib/thumb/v7e-m/nofp\libg.a(lib_a-__call_atexit.o) (__libc_fini_array)
d:/tools/gcc-arm-none-eabi-10.3-2021.10/bin/../lib/gcc/arm-none-eabi/10.3.1/../../../../arm-none-eabi/lib/thumb/v7e-m/nofp\libg.a(lib_a-lock.o)
                              d:/tools/gcc-arm-none-eabi-10.3-2021.10/bin/../lib/gcc/arm-none-eabi/10.3.1/../../../../arm-none-eabi/lib/thumb/v7e-m/nofp\libg.a(lib_a-__call_atexit.o) (__retarget_lock_acquire_recursive)
d:/tools/gcc-arm-none-eabi-10.3-2021.10/bin/../lib/gcc/arm-none-eabi/10.3.1/../../../../arm-none-eabi/lib/thumb/v7e-m/nofp\libg.a(lib_a-__atexit.o)
[...]
Memory Configuration

Name             Origin             Length             Attributes
FLASH            0x08000000         0x00200000         xr
DTCMRAM          0x20000000         0x00020000         xrw
RAM_D1           0x24000000         0x00080000         xrw
RAM_D2           0x30000000         0x00048000         xrw
RAM_D3           0x38000000         0x00010000         xrw
ITCMRAM          0x00000000         0x00010000         xrw
*default*        0x00000000         0xffffffff

Linker script and memory map

LOAD d:/tools/gcc-arm-none-eabi-10.3-2021.10/bin/../lib/gcc/arm-none-eabi/10.3.1/thumb/v7e-m/nofp/crti.o
LOAD d:/tools/gcc-arm-none-eabi-10.3-2021.10/bin/../lib/gcc/arm-none-eabi/10.3.1/thumb/v7e-m/nofp/crtbegin.o
LOAD d:/tools/gcc-arm-none-eabi-10.3-2021.10/bin/../lib/gcc/arm-none-eabi/10.3.1/../../../../arm-none-eabi/lib/thumb/v7e-m/nofp/crt0.o
LOAD CMakeFiles/clionDemo.elf.dir/Core/Src/main.c.obj
LOAD CMakeFiles/clionDemo.elf.dir/Core/Src/stm32h7xx_hal_msp.c.obj
LOAD CMakeFiles/clionDemo.elf.dir/Core/Src/stm32h7xx_it.c.obj
LOAD CMakeFiles/clionDemo.elf.dir/Core/Src/syscalls.c.obj
LOAD CMakeFiles/clionDemo.elf.dir/Core/Src/sysmem.c.obj
LOAD CMakeFiles/clionDemo.elf.dir/Core/Src/system_stm32h7xx.c.obj
LOAD CMakeFiles/clionDemo.elf.dir/Core/Startup/startup_stm32h743iitx.s.obj
LOAD CMakeFiles/clionDemo.elf.dir/Drivers/STM32H7xx_HAL_Driver/Src/stm32h7xx_hal.c.obj
LOAD CMakeFiles/clionDemo.elf.dir/Drivers/STM32H7xx_HAL_Driver/Src/stm32h7xx_hal_cortex.c.obj
LOAD CMakeFiles/clionDemo.elf.dir/Drivers/STM32H7xx_HAL_Driver/Src/stm32h7xx_hal_dma.c.obj
LOAD CMakeFiles/clionDemo.elf.dir/Drivers/STM32H7xx_HAL_Driver/Src/stm32h7xx_hal_dma_ex.c.obj
LOAD CMakeFiles/clionDemo.elf.dir/Drivers/STM32H7xx_HAL_Driver/Src/stm32h7xx_hal_exti.c.obj
LOAD CMakeFiles/clionDemo.elf.dir/Drivers/STM32H7xx_HAL_Driver/Src/stm32h7xx_hal_flash.c.obj
LOAD CMakeFiles/clionDemo.elf.dir/Drivers/STM32H7xx_HAL_Driver/Src/stm32h7xx_hal_flash_ex.c.obj
LOAD CMakeFiles/clionDemo.elf.dir/Drivers/STM32H7xx_HAL_Driver/Src/stm32h7xx_hal_gpio.c.obj
LOAD CMakeFiles/clionDemo.elf.dir/Drivers/STM32H7xx_HAL_Driver/Src/stm32h7xx_hal_hsem.c.obj
LOAD CMakeFiles/clionDemo.elf.dir/Drivers/STM32H7xx_HAL_Driver/Src/stm32h7xx_hal_i2c.c.obj
LOAD CMakeFiles/clionDemo.elf.dir/Drivers/STM32H7xx_HAL_Driver/Src/stm32h7xx_hal_i2c_ex.c.obj
LOAD CMakeFiles/clionDemo.elf.dir/Drivers/STM32H7xx_HAL_Driver/Src/stm32h7xx_hal_mdma.c.obj
LOAD CMakeFiles/clionDemo.elf.dir/Drivers/STM32H7xx_HAL_Driver/Src/stm32h7xx_hal_pwr.c.obj
LOAD CMakeFiles/clionDemo.elf.dir/Drivers/STM32H7xx_HAL_Driver/Src/stm32h7xx_hal_pwr_ex.c.obj
LOAD CMakeFiles/clionDemo.elf.dir/Drivers/STM32H7xx_HAL_Driver/Src/stm32h7xx_hal_rcc.c.obj
LOAD CMakeFiles/clionDemo.elf.dir/Drivers/STM32H7xx_HAL_Driver/Src/stm32h7xx_hal_rcc_ex.c.obj
LOAD CMakeFiles/clionDemo.elf.dir/Drivers/STM32H7xx_HAL_Driver/Src/stm32h7xx_hal_tim.c.obj
LOAD CMakeFiles/clionDemo.elf.dir/Drivers/STM32H7xx_HAL_Driver/Src/stm32h7xx_hal_tim_ex.c.obj
LOAD CMakeFiles/clionDemo.elf.dir/Drivers/STM32H7xx_HAL_Driver/Src/stm32h7xx_hal_uart.c.obj
LOAD CMakeFiles/clionDemo.elf.dir/Drivers/STM32H7xx_HAL_Driver/Src/stm32h7xx_hal_uart_ex.c.obj
START GROUP
LOAD d:/tools/gcc-arm-none-eabi-10.3-2021.10/bin/../lib/gcc/arm-none-eabi/10.3.1/thumb/v7e-m/nofp\libgcc.a
LOAD d:/tools/gcc-arm-none-eabi-10.3-2021.10/bin/../lib/gcc/arm-none-eabi/10.3.1/../../../../arm-none-eabi/lib/thumb/v7e-m/nofp\libg.a
LOAD d:/tools/gcc-arm-none-eabi-10.3-2021.10/bin/../lib/gcc/arm-none-eabi/10.3.1/../../../../arm-none-eabi/lib/thumb/v7e-m/nofp\libc.a
END GROUP
LOAD d:/tools/gcc-arm-none-eabi-10.3-2021.10/bin/../lib/gcc/arm-none-eabi/10.3.1/thumb/v7e-m/nofp/crtend.o
LOAD d:/tools/gcc-arm-none-eabi-10.3-2021.10/bin/../lib/gcc/arm-none-eabi/10.3.1/thumb/v7e-m/nofp/crtn.o
                0x24080000                _estack = (ORIGIN (RAM_D1) + LENGTH (RAM_D1))
                0x00000200                _Min_Heap_Size = 0x200
                0x00000400                _Min_Stack_Size = 0x400

.isr_vector     0x08000000      0x298
                0x08000000                . = ALIGN (0x4)
 *(.isr_vector)
 .isr_vector    0x08000000      0x298 CMakeFiles/clionDemo.elf.dir/Core/Startup/startup_stm32h743iitx.s.obj
                0x08000000                g_pfnVectors
                0x08000298                . = ALIGN (0x4)

.text           0x08000298     0x43b0
                0x08000298                . = ALIGN (0x4)
 *(.text)
 .text          0x08000298       0x40 d:/tools/gcc-arm-none-eabi-10.3-2021.10/bin/../lib/gcc/arm-none-eabi/10.3.1/thumb/v7e-m/nofp/crtbegin.o
 .text          0x080002d8      0x21c d:/tools/gcc-arm-none-eabi-10.3-2021.10/bin/../lib/gcc/arm-none-eabi/10.3.1/thumb/v7e-m/nofp\libgcc.a(_arm_addsubsf3.o)
                0x080002d8                __aeabi_frsub
                0x080002e0                __subsf3
                0x080002e0                __aeabi_fsub
                0x080002e4                __aeabi_fadd
                0x080002e4                __addsf3
                0x08000444                __aeabi_ui2f
                0x08000444                __floatunsisf
                0x0800044c                __aeabi_i2f
                0x0800044c                __floatsisf
                0x08000468                __aeabi_ul2f
                0x08000468                __floatundisf
                0x08000478                __aeabi_l2f
                0x08000478                __floatdisf
 .text          0x080004f4      0x2a0 d:/tools/gcc-arm-none-eabi-10.3-2021.10/bin/../lib/gcc/arm-none-eabi/10.3.1/thumb/v7e-m/nofp\libgcc.a(_arm_muldivsf3.o)
                0x080004f4                __mulsf3
                0x080004f4                __aeabi_fmul
                0x0800065c                __aeabi_fdiv
                0x0800065c                __divsf3
 .text          0x08000794       0x40 d:/tools/gcc-arm-none-eabi-10.3-2021.10/bin/../lib/gcc/arm-none-eabi/10.3.1/thumb/v7e-m/nofp\libgcc.a(_arm_fixunssfsi.o)
                0x08000794                __fixunssfsi
                0x08000794                __aeabi_f2uiz
 .text          0x080007d4       0x30 d:/tools/gcc-arm-none-eabi-10.3-2021.10/bin/../lib/gcc/arm-none-eabi/10.3.1/thumb/v7e-m/nofp\libgcc.a(_aeabi_uldivmod.o)
                0x080007d4                __aeabi_uldivmod
 .text          0x08000804      0x2d0 d:/tools/gcc-arm-none-eabi-10.3-2021.10/bin/../lib/gcc/arm-none-eabi/10.3.1/thumb/v7e-m/nofp\libgcc.a(_udivmoddi4.o)
                0x08000804                __udivmoddi4
 .text          0x08000ad4        0x4 d:/tools/gcc-arm-none-eabi-10.3-2021.10/bin/../lib/gcc/arm-none-eabi/10.3.1/thumb/v7e-m/nofp\libgcc.a(_dvmd_tls.o)
                0x08000ad4                __aeabi_idiv0
                0x08000ad4                __aeabi_ldiv0
 *(.text*)
 .text.MX_GPIO_Init
                0x08000ad8       0xdc CMakeFiles/clionDemo.elf.dir/Core/Src/main.c.obj
 .text.KEY_Scan
                0x08000bb4       0xe8 CMakeFiles/clionDemo.elf.dir/Core/Src/main.c.obj
 .text.Error_Handler
                0x08000c9c        0x4 CMakeFiles/clionDemo.elf.dir/Core/Src/main.c.obj
                0x08000c9c                Error_Handler
 .text.MX_USART1_UART_Init
                0x08000ca0       0x60 CMakeFiles/clionDemo.elf.dir/Core/Src/main.c.obj
 .text.SystemClock_Config
                0x08000d00       0xc0 CMakeFiles/clionDemo.elf.dir/Core/Src/main.c.obj
                0x08000d00                SystemClock_Config
 .text.main     0x08000dc0       0x98 CMakeFiles/clionDemo.elf.dir/Core/Src/main.c.obj
                0x08000dc0                main
 .text.HAL_MspInit
                0x08000e58       0x24 CMakeFiles/clionDemo.elf.dir/Core/Src/stm32h7xx_hal_msp.c.obj
                0x08000e58                HAL_MspInit
 .text.HAL_UART_MspInit
                0x08000e7c       0xa4 CMakeFiles/clionDemo.elf.dir/Core/Src/stm32h7xx_hal_msp.c.obj
                0x08000e7c                HAL_UART_MspInit
 .text.NMI_Handler
                0x08000f20        0x2 CMakeFiles/clionDemo.elf.dir/Core/Src/stm32h7xx_it.c.obj
                0x08000f20                NMI_Handler
 .text.HardFault_Handler
                0x08000f22        0x2 CMakeFiles/clionDemo.elf.dir/Core/Src/stm32h7xx_it.c.obj
                0x08000f22                HardFault_Handler
 .text.MemManage_Handler
                0x08000f24        0x2 CMakeFiles/clionDemo.elf.dir/Core/Src/stm32h7xx_it.c.obj
                0x08000f24                MemManage_Handler
 .text.BusFault_Handler
                0x08000f26        0x2 CMakeFiles/clionDemo.elf.dir/Core/Src/stm32h7xx_it.c.obj
                0x08000f26                BusFault_Handler
 .text.UsageFault_Handler
                0x08000f28        0x2 CMakeFiles/clionDemo.elf.dir/Core/Src/stm32h7xx_it.c.obj
                0x08000f28                UsageFault_Handler
 .text.SVC_Handler
                0x08000f2a        0x2 CMakeFiles/clionDemo.elf.dir/Core/Src/stm32h7xx_it.c.obj
                0x08000f2a                SVC_Handler
 .text.DebugMon_Handler
                0x08000f2c        0x2 CMakeFiles/clionDemo.elf.dir/Core/Src/stm32h7xx_it.c.obj
                0x08000f2c                DebugMon_Handler
 .text.PendSV_Handler
                0x08000f2e        0x2 CMakeFiles/clionDemo.elf.dir/Core/Src/stm32h7xx_it.c.obj
                0x08000f2e                PendSV_Handler
 .text.SysTick_Handler
                0x08000f30        0x8 CMakeFiles/clionDemo.elf.dir/Core/Src/stm32h7xx_it.c.obj
                0x08000f30                SysTick_Handler
 .text.USART1_IRQHandler
                0x08000f38       0x10 CMakeFiles/clionDemo.elf.dir/Core/Src/stm32h7xx_it.c.obj
                0x08000f38                USART1_IRQHandler
 .text.SystemInit
                0x08000f48       0xbc CMakeFiles/clionDemo.elf.dir/Core/Src/system_stm32h7xx.c.obj
                0x08000f48                SystemInit
 .text.Reset_Handler
                0x08001004       0x50 CMakeFiles/clionDemo.elf.dir/Core/Startup/startup_stm32h743iitx.s.obj
                0x08001004                Reset_Handler
 .text.Default_Handler
                0x08001054        0x2 CMakeFiles/clionDemo.elf.dir/Core/Startup/startup_stm32h743iitx.s.obj
                0x08001054                RTC_Alarm_IRQHandler
                0x08001054                EXTI2_IRQHandler
                0x08001054                TIM8_CC_IRQHandler
                0x08001054                HRTIM1_Master_IRQHandler
                0x08001054                UART8_IRQHandler
                0x08001054                SPI4_IRQHandler
                0x08001054                TIM1_CC_IRQHandler
                0x08001054                BDMA_Channel6_IRQHandler
                0x08001054                DMA2_Stream5_IRQHandler
                0x08001054                HRTIM1_FLT_IRQHandler
                0x08001054                JPEG_IRQHandler
                0x08001054                DMA1_Stream5_IRQHandler
                0x08001054                BDMA_Channel1_IRQHandler
                0x08001054                HRTIM1_TIMD_IRQHandler
                0x08001054                TAMP_STAMP_IRQHandler
                0x08001054                EXTI3_IRQHandler
                0x08001054                LPTIM4_IRQHandler
                0x08001054                TIM8_TRG_COM_TIM14_IRQHandler
                0x08001054                LPTIM2_IRQHandler
                0x08001054                DFSDM1_FLT1_IRQHandler
                0x08001054                DMAMUX2_OVR_IRQHandler
                0x08001054                TIM8_UP_TIM13_IRQHandler
                0x08001054                I2C3_ER_IRQHandler
                0x08001054                DFSDM1_FLT2_IRQHandler
                0x08001054                MDMA_IRQHandler
                0x08001054                LPTIM3_IRQHandler
                0x08001054                HSEM1_IRQHandler
                0x08001054                EXTI0_IRQHandler
                0x08001054                I2C2_EV_IRQHandler
                0x08001054                DMA1_Stream2_IRQHandler
                0x08001054                FPU_IRQHandler
                0x08001054                OTG_HS_WKUP_IRQHandler
                0x08001054                FDCAN1_IT1_IRQHandler
                0x08001054                LTDC_ER_IRQHandler
                0x08001054                DMA2_Stream2_IRQHandler
                0x08001054                HRTIM1_TIME_IRQHandler
                0x08001054                SPI1_IRQHandler
                0x08001054                TIM6_DAC_IRQHandler
                0x08001054                DCMI_IRQHandler
                0x08001054                HRTIM1_TIMC_IRQHandler
                0x08001054                DMA2_Stream3_IRQHandler
                0x08001054                SAI2_IRQHandler
                0x08001054                DFSDM1_FLT3_IRQHandler
                0x08001054                USART6_IRQHandler
                0x08001054                TIM17_IRQHandler
                0x08001054                USART3_IRQHandler
                0x08001054                BDMA_Channel7_IRQHandler
                0x08001054                LPTIM5_IRQHandler
                0x08001054                UART5_IRQHandler
                0x08001054                ADC3_IRQHandler
                0x08001054                DMA2_Stream0_IRQHandler
                0x08001054                TIM4_IRQHandler
                0x08001054                BDMA_Channel2_IRQHandler
                0x08001054                QUADSPI_IRQHandler
                0x08001054                I2C1_EV_IRQHandler
                0x08001054                DMA1_Stream6_IRQHandler
                0x08001054                DMAMUX1_OVR_IRQHandler
                0x08001054                DMA1_Stream1_IRQHandler
                0x08001054                TIM16_IRQHandler
                0x08001054                UART4_IRQHandler
                0x08001054                BDMA_Channel5_IRQHandler
                0x08001054                TIM3_IRQHandler
                0x08001054                RCC_IRQHandler
                0x08001054                TIM8_BRK_TIM12_IRQHandler
                0x08001054                TIM1_TRG_COM_IRQHandler
                0x08001054                Default_Handler
                0x08001054                ECC_IRQHandler
                0x08001054                CEC_IRQHandler
                0x08001054                EXTI15_10_IRQHandler
                0x08001054                BDMA_Channel0_IRQHandler
                0x08001054                ADC_IRQHandler
                0x08001054                DMA1_Stream7_IRQHandler
                0x08001054                HRTIM1_TIMA_IRQHandler
                0x08001054                SPI5_IRQHandler
                0x08001054                TIM7_IRQHandler
                0x08001054                SDMMC1_IRQHandler
                0x08001054                TIM5_IRQHandler
                0x08001054                DMA2_Stream7_IRQHandler
                0x08001054                TIM15_IRQHandler
                0x08001054                PVD_AVD_IRQHandler
                0x08001054                I2C3_EV_IRQHandler
                0x08001054                EXTI9_5_IRQHandler
                0x08001054                RTC_WKUP_IRQHandler
                0x08001054                LTDC_IRQHandler
                0x08001054                SAI3_IRQHandler
                0x08001054                ETH_WKUP_IRQHandler
                0x08001054                SPDIF_RX_IRQHandler
                0x08001054                SPI2_IRQHandler
                0x08001054                OTG_HS_EP1_IN_IRQHandler
                0x08001054                DMA1_Stream0_IRQHandler
                0x08001054                CRS_IRQHandler
                0x08001054                EXTI4_IRQHandler
                0x08001054                RNG_IRQHandler
                0x08001054                HRTIM1_TIMB_IRQHandler
                0x08001054                FDCAN2_IT1_IRQHandler
                0x08001054                ETH_IRQHandler
                0x08001054                TIM1_UP_IRQHandler
                0x08001054                BDMA_Channel4_IRQHandler
                0x08001054                OTG_HS_EP1_OUT_IRQHandler
                0x08001054                WWDG_IRQHandler
                0x08001054                SPI6_IRQHandler
                0x08001054                MDIOS_IRQHandler
                0x08001054                I2C4_EV_IRQHandler
                0x08001054                FDCAN2_IT0_IRQHandler
                0x08001054                LPUART1_IRQHandler
                0x08001054                FDCAN1_IT0_IRQHandler
                0x08001054                TIM2_IRQHandler
                0x08001054                OTG_FS_WKUP_IRQHandler
                0x08001054                OTG_HS_IRQHandler
                0x08001054                DMA2D_IRQHandler
                0x08001054                TIM1_BRK_IRQHandler
                0x08001054                EXTI1_IRQHandler
                0x08001054                SDMMC2_IRQHandler
                0x08001054                OTG_FS_EP1_OUT_IRQHandler
                0x08001054                BDMA_Channel3_IRQHandler
                0x08001054                UART7_IRQHandler
                0x08001054                MDIOS_WKUP_IRQHandler
                0x08001054                USART2_IRQHandler
                0x08001054                DFSDM1_FLT0_IRQHandler
                0x08001054                SAI4_IRQHandler
                0x08001054                I2C2_ER_IRQHandler
                0x08001054                DMA2_Stream1_IRQHandler
                0x08001054                FLASH_IRQHandler
                0x08001054                DMA2_Stream4_IRQHandler
                0x08001054                OTG_FS_IRQHandler
                0x08001054                SPI3_IRQHandler
                0x08001054                WAKEUP_PIN_IRQHandler
                0x08001054                DMA1_Stream4_IRQHandler
                0x08001054                OTG_FS_EP1_IN_IRQHandler
                0x08001054                I2C1_ER_IRQHandler
                0x08001054                FMC_IRQHandler
                0x08001054                FDCAN_CAL_IRQHandler
                0x08001054                SWPMI1_IRQHandler
                0x08001054                COMP1_IRQHandler
                0x08001054                LPTIM1_IRQHandler
                0x08001054                I2C4_ER_IRQHandler
                0x08001054                DMA2_Stream6_IRQHandler
                0x08001054                SAI1_IRQHandler
                0x08001054                DMA1_Stream3_IRQHandler
 *fill*         0x08001056        0x2 
 .text.HAL_InitTick
                0x08001058       0x50 CMakeFiles/clionDemo.elf.dir/Drivers/STM32H7xx_HAL_Driver/Src/stm32h7xx_hal.c.obj
                0x08001058                HAL_InitTick
 .text.HAL_Init
                0x080010a8       0x5c CMakeFiles/clionDemo.elf.dir/Drivers/STM32H7xx_HAL_Driver/Src/stm32h7xx_hal.c.obj
                0x080010a8                HAL_Init
 .text.HAL_IncTick
                0x08001104       0x18 CMakeFiles/clionDemo.elf.dir/Drivers/STM32H7xx_HAL_Driver/Src/stm32h7xx_hal.c.obj
                0x08001104                HAL_IncTick
 .text.HAL_GetTick
                0x0800111c        0xc CMakeFiles/clionDemo.elf.dir/Drivers/STM32H7xx_HAL_Driver/Src/stm32h7xx_hal.c.obj
                0x0800111c                HAL_GetTick
 .text.HAL_Delay
                0x08001128       0x28 CMakeFiles/clionDemo.elf.dir/Drivers/STM32H7xx_HAL_Driver/Src/stm32h7xx_hal.c.obj
                0x08001128                HAL_Delay
 .text.HAL_GetREVID
                0x08001150        0xc CMakeFiles/clionDemo.elf.dir/Drivers/STM32H7xx_HAL_Driver/Src/stm32h7xx_hal.c.obj
                0x08001150                HAL_GetREVID
 .text.HAL_NVIC_SetPriorityGrouping
                0x0800115c       0x24 CMakeFiles/clionDemo.elf.dir/Drivers/STM32H7xx_HAL_Driver/Src/stm32h7xx_hal_cortex.c.obj
                0x0800115c                HAL_NVIC_SetPriorityGrouping
 .text.HAL_NVIC_SetPriority
                0x08001180       0x6c CMakeFiles/clionDemo.elf.dir/Drivers/STM32H7xx_HAL_Driver/Src/stm32h7xx_hal_cortex.c.obj
                0x08001180                HAL_NVIC_SetPriority
 .text.HAL_NVIC_EnableIRQ
                0x080011ec       0x1c CMakeFiles/clionDemo.elf.dir/Drivers/STM32H7xx_HAL_Driver/Src/stm32h7xx_hal_cortex.c.obj
                0x080011ec                HAL_NVIC_EnableIRQ
 .text.HAL_SYSTICK_Config
                0x08001208       0x28 CMakeFiles/clionDemo.elf.dir/Drivers/STM32H7xx_HAL_Driver/Src/stm32h7xx_hal_cortex.c.obj
                0x08001208                HAL_SYSTICK_Config
 .text.HAL_DMA_Abort
                0x08001230      0x340 CMakeFiles/clionDemo.elf.dir/Drivers/STM32H7xx_HAL_Driver/Src/stm32h7xx_hal_dma.c.obj
                0x08001230                HAL_DMA_Abort
 .text.HAL_DMA_Abort_IT
                0x08001570      0x270 CMakeFiles/clionDemo.elf.dir/Drivers/STM32H7xx_HAL_Driver/Src/stm32h7xx_hal_dma.c.obj
                0x08001570                HAL_DMA_Abort_IT
 .text.HAL_GPIO_Init
                0x080017e0      0x228 CMakeFiles/clionDemo.elf.dir/Drivers/STM32H7xx_HAL_Driver/Src/stm32h7xx_hal_gpio.c.obj
                0x080017e0                HAL_GPIO_Init
 .text.HAL_GPIO_ReadPin
                0x08001a08        0xe CMakeFiles/clionDemo.elf.dir/Drivers/STM32H7xx_HAL_Driver/Src/stm32h7xx_hal_gpio.c.obj
                0x08001a08                HAL_GPIO_ReadPin
 .text.HAL_GPIO_WritePin
                0x08001a16        0xc CMakeFiles/clionDemo.elf.dir/Drivers/STM32H7xx_HAL_Driver/Src/stm32h7xx_hal_gpio.c.obj
                0x08001a16                HAL_GPIO_WritePin
 *fill*         0x08001a22        0x2 
 .text.HAL_PWREx_ConfigSupply
                0x08001a24       0x54 CMakeFiles/clionDemo.elf.dir/Drivers/STM32H7xx_HAL_Driver/Src/stm32h7xx_hal_pwr_ex.c.obj
                0x08001a24                HAL_PWREx_ConfigSupply
 .text.HAL_RCC_OscConfig
                0x08001a78      0x674 CMakeFiles/clionDemo.elf.dir/Drivers/STM32H7xx_HAL_Driver/Src/stm32h7xx_hal_rcc.c.obj
                0x08001a78                HAL_RCC_OscConfig
 .text.HAL_RCC_GetSysClockFreq
                0x080020ec      0x218 CMakeFiles/clionDemo.elf.dir/Drivers/STM32H7xx_HAL_Driver/Src/stm32h7xx_hal_rcc.c.obj
                0x080020ec                HAL_RCC_GetSysClockFreq
 .text.HAL_RCC_ClockConfig
                0x08002304      0x294 CMakeFiles/clionDemo.elf.dir/Drivers/STM32H7xx_HAL_Driver/Src/stm32h7xx_hal_rcc.c.obj
                0x08002304                HAL_RCC_ClockConfig
 .text.HAL_RCC_GetHCLKFreq
                0x08002598       0x44 CMakeFiles/clionDemo.elf.dir/Drivers/STM32H7xx_HAL_Driver/Src/stm32h7xx_hal_rcc.c.obj
                0x08002598                HAL_RCC_GetHCLKFreq
 .text.HAL_RCC_GetPCLK1Freq
                0x080025dc       0x24 CMakeFiles/clionDemo.elf.dir/Drivers/STM32H7xx_HAL_Driver/Src/stm32h7xx_hal_rcc.c.obj
                0x080025dc                HAL_RCC_GetPCLK1Freq
 .text.HAL_RCC_GetPCLK2Freq
                0x08002600       0x24 CMakeFiles/clionDemo.elf.dir/Drivers/STM32H7xx_HAL_Driver/Src/stm32h7xx_hal_rcc.c.obj
                0x08002600                HAL_RCC_GetPCLK2Freq
 .text.RCCEx_PLL2_Config
                0x08002624      0x10c CMakeFiles/clionDemo.elf.dir/Drivers/STM32H7xx_HAL_Driver/Src/stm32h7xx_hal_rcc_ex.c.obj
 .text.RCCEx_PLL3_Config
                0x08002730      0x10c CMakeFiles/clionDemo.elf.dir/Drivers/STM32H7xx_HAL_Driver/Src/stm32h7xx_hal_rcc_ex.c.obj
 .text.HAL_RCCEx_PeriphCLKConfig
                0x0800283c      0x9c4 CMakeFiles/clionDemo.elf.dir/Drivers/STM32H7xx_HAL_Driver/Src/stm32h7xx_hal_rcc_ex.c.obj
                0x0800283c                HAL_RCCEx_PeriphCLKConfig
 .text.HAL_RCCEx_GetD3PCLK1Freq
                0x08003200       0x24 CMakeFiles/clionDemo.elf.dir/Drivers/STM32H7xx_HAL_Driver/Src/stm32h7xx_hal_rcc_ex.c.obj
                0x08003200                HAL_RCCEx_GetD3PCLK1Freq
 .text.HAL_RCCEx_GetPLL2ClockFreq
                0x08003224      0x234 CMakeFiles/clionDemo.elf.dir/Drivers/STM32H7xx_HAL_Driver/Src/stm32h7xx_hal_rcc_ex.c.obj
                0x08003224                HAL_RCCEx_GetPLL2ClockFreq
 .text.HAL_RCCEx_GetPLL3ClockFreq
                0x08003458      0x234 CMakeFiles/clionDemo.elf.dir/Drivers/STM32H7xx_HAL_Driver/Src/stm32h7xx_hal_rcc_ex.c.obj
                0x08003458                HAL_RCCEx_GetPLL3ClockFreq
 .text.UART_EndRxTransfer
                0x0800368c       0x58 CMakeFiles/clionDemo.elf.dir/Drivers/STM32H7xx_HAL_Driver/Src/stm32h7xx_hal_uart.c.obj
 .text.HAL_UART_TxCpltCallback
                0x080036e4        0x2 CMakeFiles/clionDemo.elf.dir/Drivers/STM32H7xx_HAL_Driver/Src/stm32h7xx_hal_uart.c.obj
                0x080036e4                HAL_UART_TxCpltCallback
 .text.UART_EndTransmit_IT
                0x080036e6       0x24 CMakeFiles/clionDemo.elf.dir/Drivers/STM32H7xx_HAL_Driver/Src/stm32h7xx_hal_uart.c.obj
 .text.HAL_UART_ErrorCallback
                0x0800370a        0x2 CMakeFiles/clionDemo.elf.dir/Drivers/STM32H7xx_HAL_Driver/Src/stm32h7xx_hal_uart.c.obj
                0x0800370a                HAL_UART_ErrorCallback
 .text.UART_DMAAbortOnError
                0x0800370c       0x14 CMakeFiles/clionDemo.elf.dir/Drivers/STM32H7xx_HAL_Driver/Src/stm32h7xx_hal_uart.c.obj
 .text.HAL_UARTEx_RxEventCallback
                0x08003720        0x2 CMakeFiles/clionDemo.elf.dir/Drivers/STM32H7xx_HAL_Driver/Src/stm32h7xx_hal_uart.c.obj
                0x08003720                HAL_UARTEx_RxEventCallback
 *fill*         0x08003722        0x2 
 .text.HAL_UART_IRQHandler
                0x08003724      0x3a8 CMakeFiles/clionDemo.elf.dir/Drivers/STM32H7xx_HAL_Driver/Src/stm32h7xx_hal_uart.c.obj
                0x08003724                HAL_UART_IRQHandler
 .text.UART_SetConfig
                0x08003acc      0x5f4 CMakeFiles/clionDemo.elf.dir/Drivers/STM32H7xx_HAL_Driver/Src/stm32h7xx_hal_uart.c.obj
                0x08003acc                UART_SetConfig
 .text.UART_AdvFeatureConfig
                0x080040c0       0xca CMakeFiles/clionDemo.elf.dir/Drivers/STM32H7xx_HAL_Driver/Src/stm32h7xx_hal_uart.c.obj
                0x080040c0                UART_AdvFeatureConfig
 .text.UART_WaitOnFlagUntilTimeout
                0x0800418a       0xdc CMakeFiles/clionDemo.elf.dir/Drivers/STM32H7xx_HAL_Driver/Src/stm32h7xx_hal_uart.c.obj
                0x0800418a                UART_WaitOnFlagUntilTimeout
 .text.UART_CheckIdleState
                0x08004266       0x74 CMakeFiles/clionDemo.elf.dir/Drivers/STM32H7xx_HAL_Driver/Src/stm32h7xx_hal_uart.c.obj
                0x08004266                UART_CheckIdleState
 .text.HAL_UART_Init
                0x080042da       0x66 CMakeFiles/clionDemo.elf.dir/Drivers/STM32H7xx_HAL_Driver/Src/stm32h7xx_hal_uart.c.obj
                0x080042da                HAL_UART_Init
 .text.UARTEx_SetNbDataToProcess
                0x08004340       0x4c CMakeFiles/clionDemo.elf.dir/Drivers/STM32H7xx_HAL_Driver/Src/stm32h7xx_hal_uart_ex.c.obj
 .text.HAL_UARTEx_WakeupCallback
                0x0800438c        0x2 CMakeFiles/clionDemo.elf.dir/Drivers/STM32H7xx_HAL_Driver/Src/stm32h7xx_hal_uart_ex.c.obj
                0x0800438c                HAL_UARTEx_WakeupCallback
 .text.HAL_UARTEx_RxFifoFullCallback
                0x0800438e        0x2 CMakeFiles/clionDemo.elf.dir/Drivers/STM32H7xx_HAL_Driver/Src/stm32h7xx_hal_uart_ex.c.obj
                0x0800438e                HAL_UARTEx_RxFifoFullCallback
 .text.HAL_UARTEx_TxFifoEmptyCallback
                0x08004390        0x2 CMakeFiles/clionDemo.elf.dir/Drivers/STM32H7xx_HAL_Driver/Src/stm32h7xx_hal_uart_ex.c.obj
                0x08004390                HAL_UARTEx_TxFifoEmptyCallback
 .text.HAL_UARTEx_DisableFifoMode
                0x08004392       0x3e CMakeFiles/clionDemo.elf.dir/Drivers/STM32H7xx_HAL_Driver/Src/stm32h7xx_hal_uart_ex.c.obj
                0x08004392                HAL_UARTEx_DisableFifoMode
 .text.HAL_UARTEx_SetTxFifoThreshold
                0x080043d0       0x4a CMakeFiles/clionDemo.elf.dir/Drivers/STM32H7xx_HAL_Driver/Src/stm32h7xx_hal_uart_ex.c.obj
                0x080043d0                HAL_UARTEx_SetTxFifoThreshold
 .text.HAL_UARTEx_SetRxFifoThreshold
                0x0800441a       0x4a CMakeFiles/clionDemo.elf.dir/Drivers/STM32H7xx_HAL_Driver/Src/stm32h7xx_hal_uart_ex.c.obj
                0x0800441a                HAL_UARTEx_SetRxFifoThreshold
 .text.__libc_init_array
                0x08004464       0x48 d:/tools/gcc-arm-none-eabi-10.3-2021.10/bin/../lib/gcc/arm-none-eabi/10.3.1/../../../../arm-none-eabi/lib/thumb/v7e-m/nofp\libg.a(lib_a-init.o)
                0x08004464                __libc_init_array
 .text.memset   0x080044ac       0xa4 d:/tools/gcc-arm-none-eabi-10.3-2021.10/bin/../lib/gcc/arm-none-eabi/10.3.1/../../../../arm-none-eabi/lib/thumb/v7e-m/nofp\libg.a(lib_a-memset.o)
                0x080044ac                memset
 .text.startup.register_fini
                0x08004550       0x14 d:/tools/gcc-arm-none-eabi-10.3-2021.10/bin/../lib/gcc/arm-none-eabi/10.3.1/../../../../arm-none-eabi/lib/thumb/v7e-m/nofp\libg.a(lib_a-__call_atexit.o)
 .text.atexit   0x08004564        0xc d:/tools/gcc-arm-none-eabi-10.3-2021.10/bin/../lib/gcc/arm-none-eabi/10.3.1/../../../../arm-none-eabi/lib/thumb/v7e-m/nofp\libg.a(lib_a-atexit.o)
                0x08004564                atexit
 .text.__libc_fini_array
                0x08004570       0x2c d:/tools/gcc-arm-none-eabi-10.3-2021.10/bin/../lib/gcc/arm-none-eabi/10.3.1/../../../../arm-none-eabi/lib/thumb/v7e-m/nofp\libg.a(lib_a-fini.o)
                0x08004570                __libc_fini_array
 .text.__retarget_lock_acquire_recursive
                0x0800459c        0x4 d:/tools/gcc-arm-none-eabi-10.3-2021.10/bin/../lib/gcc/arm-none-eabi/10.3.1/../../../../arm-none-eabi/lib/thumb/v7e-m/nofp\libg.a(lib_a-lock.o)
                0x0800459c                __retarget_lock_acquire_recursive
 .text.__retarget_lock_release_recursive
                0x080045a0        0x4 d:/tools/gcc-arm-none-eabi-10.3-2021.10/bin/../lib/gcc/arm-none-eabi/10.3.1/../../../../arm-none-eabi/lib/thumb/v7e-m/nofp\libg.a(lib_a-lock.o)
                0x080045a0                __retarget_lock_release_recursive
 .text.__register_exitproc
                0x080045a4       0x8c d:/tools/gcc-arm-none-eabi-10.3-2021.10/bin/../lib/gcc/arm-none-eabi/10.3.1/../../../../arm-none-eabi/lib/thumb/v7e-m/nofp\libg.a(lib_a-__atexit.o)
                0x080045a4                __register_exitproc
 *(.glue_7)
 .glue_7        0x08004630        0x0 linker stubs
 *(.glue_7t)
 .glue_7t       0x08004630        0x0 linker stubs
 *(.eh_frame)
 .eh_frame      0x08004630        0x0 d:/tools/gcc-arm-none-eabi-10.3-2021.10/bin/../lib/gcc/arm-none-eabi/10.3.1/thumb/v7e-m/nofp/crtbegin.o
 *(.init)
 .init          0x08004630        0x4 d:/tools/gcc-arm-none-eabi-10.3-2021.10/bin/../lib/gcc/arm-none-eabi/10.3.1/thumb/v7e-m/nofp/crti.o
                0x08004630                _init
 .init          0x08004634        0x8 d:/tools/gcc-arm-none-eabi-10.3-2021.10/bin/../lib/gcc/arm-none-eabi/10.3.1/thumb/v7e-m/nofp/crtn.o
 *(.fini)
 .fini          0x0800463c        0x4 d:/tools/gcc-arm-none-eabi-10.3-2021.10/bin/../lib/gcc/arm-none-eabi/10.3.1/thumb/v7e-m/nofp/crti.o
                0x0800463c                _fini
 .fini          0x08004640        0x8 d:/tools/gcc-arm-none-eabi-10.3-2021.10/bin/../lib/gcc/arm-none-eabi/10.3.1/thumb/v7e-m/nofp/crtn.o
                0x08004648                . = ALIGN (0x4)
                0x08004648                _etext = .

.vfp11_veneer   0x08004648        0x0
 .vfp11_veneer  0x08004648        0x0 linker stubs

.v4_bx          0x08004648        0x0
 .v4_bx         0x08004648        0x0 linker stubs

.iplt           0x08004648        0x0
 .iplt          0x08004648        0x0 d:/tools/gcc-arm-none-eabi-10.3-2021.10/bin/../lib/gcc/arm-none-eabi/10.3.1/thumb/v7e-m/nofp/crtbegin.o

.rodata         0x08004648       0x3c
                0x08004648                . = ALIGN (0x4)
 *(.rodata)
 *(.rodata*)
 .rodata.D1CorePrescTable
                0x08004648       0x10 CMakeFiles/clionDemo.elf.dir/Core/Src/system_stm32h7xx.c.obj
                0x08004648                D1CorePrescTable
 .rodata.UARTPrescTable
                0x08004658       0x18 CMakeFiles/clionDemo.elf.dir/Drivers/STM32H7xx_HAL_Driver/Src/stm32h7xx_hal_uart.c.obj
                0x08004658                UARTPrescTable
 .rodata.denominator.0
                0x08004670        0x8 CMakeFiles/clionDemo.elf.dir/Drivers/STM32H7xx_HAL_Driver/Src/stm32h7xx_hal_uart_ex.c.obj
 .rodata.numerator.1
                0x08004678        0x8 CMakeFiles/clionDemo.elf.dir/Drivers/STM32H7xx_HAL_Driver/Src/stm32h7xx_hal_uart_ex.c.obj
 .rodata._global_impure_ptr
                0x08004680        0x4 d:/tools/gcc-arm-none-eabi-10.3-2021.10/bin/../lib/gcc/arm-none-eabi/10.3.1/../../../../arm-none-eabi/lib/thumb/v7e-m/nofp\libg.a(lib_a-impure.o)
                0x08004680                _global_impure_ptr
                0x08004684                . = ALIGN (0x4)

.ARM.extab
 *(.ARM.extab* .gnu.linkonce.armextab.*)

.ARM            0x08004684        0x8
                0x08004684                __exidx_start = .
 *(.ARM.exidx*)
 .ARM.exidx     0x08004684        0x8 d:/tools/gcc-arm-none-eabi-10.3-2021.10/bin/../lib/gcc/arm-none-eabi/10.3.1/thumb/v7e-m/nofp\libgcc.a(_udivmoddi4.o)
                0x0800468c                __exidx_end = .

.rel.dyn        0x0800468c        0x0
 .rel.iplt      0x0800468c        0x0 d:/tools/gcc-arm-none-eabi-10.3-2021.10/bin/../lib/gcc/arm-none-eabi/10.3.1/thumb/v7e-m/nofp/crtbegin.o

.preinit_array  0x0800468c        0x0
                0x0800468c                PROVIDE (__preinit_array_start = .)
 *(.preinit_array*)
                0x0800468c                PROVIDE (__preinit_array_end = .)

.init_array     0x0800468c        0x8
                0x0800468c                PROVIDE (__init_array_start = .)
 *(SORT_BY_NAME(.init_array.*))
 .init_array.00000
                0x0800468c        0x4 d:/tools/gcc-arm-none-eabi-10.3-2021.10/bin/../lib/gcc/arm-none-eabi/10.3.1/../../../../arm-none-eabi/lib/thumb/v7e-m/nofp\libg.a(lib_a-__call_atexit.o)
 *(.init_array*)
 .init_array    0x08004690        0x4 d:/tools/gcc-arm-none-eabi-10.3-2021.10/bin/../lib/gcc/arm-none-eabi/10.3.1/thumb/v7e-m/nofp/crtbegin.o
                0x08004694                PROVIDE (__init_array_end = .)

.fini_array     0x08004694        0x4
                0x08004694                PROVIDE (__fini_array_start = .)
 *(SORT_BY_NAME(.fini_array.*))
 *(.fini_array*)
 .fini_array    0x08004694        0x4 d:/tools/gcc-arm-none-eabi-10.3-2021.10/bin/../lib/gcc/arm-none-eabi/10.3.1/thumb/v7e-m/nofp/crtbegin.o
                0x08004698                PROVIDE (__fini_array_end = .)
                0x08004698                _sidata = LOADADDR (.data)

.data           0x24000000      0x444 load address 0x08004698
                0x24000000                . = ALIGN (0x4)
                0x24000000                _sdata = .
 *(.data)
 *(.data*)
 .data.key_up.0
                0x24000000        0x1 CMakeFiles/clionDemo.elf.dir/Core/Src/main.c.obj
 *fill*         0x24000001        0x3 
 .data.SystemCoreClock
                0x24000004        0x4 CMakeFiles/clionDemo.elf.dir/Core/Src/system_stm32h7xx.c.obj
                0x24000004                SystemCoreClock
 .data.SystemD2Clock
                0x24000008        0x4 CMakeFiles/clionDemo.elf.dir/Core/Src/system_stm32h7xx.c.obj
                0x24000008                SystemD2Clock
 .data.uwTickFreq
                0x2400000c        0x1 CMakeFiles/clionDemo.elf.dir/Drivers/STM32H7xx_HAL_Driver/Src/stm32h7xx_hal.c.obj
                0x2400000c                uwTickFreq
 *fill*         0x2400000d        0x3 
 .data.uwTickPrio
                0x24000010        0x4 CMakeFiles/clionDemo.elf.dir/Drivers/STM32H7xx_HAL_Driver/Src/stm32h7xx_hal.c.obj
                0x24000010                uwTickPrio
 *fill*         0x24000014        0x4 
 .data.impure_data
                0x24000018      0x428 d:/tools/gcc-arm-none-eabi-10.3-2021.10/bin/../lib/gcc/arm-none-eabi/10.3.1/../../../../arm-none-eabi/lib/thumb/v7e-m/nofp\libg.a(lib_a-impure.o)
 .data.__atexit_recursive_mutex
                0x24000440        0x4 d:/tools/gcc-arm-none-eabi-10.3-2021.10/bin/../lib/gcc/arm-none-eabi/10.3.1/../../../../arm-none-eabi/lib/thumb/v7e-m/nofp\libg.a(lib_a-__call_atexit.o)
                0x24000440                __atexit_recursive_mutex
 *(.RamFunc)
 *(.RamFunc*)
                0x24000444                . = ALIGN (0x4)
                0x24000444                _edata = .

.igot.plt       0x24000444        0x0 load address 0x08004adc
 .igot.plt      0x24000444        0x0 d:/tools/gcc-arm-none-eabi-10.3-2021.10/bin/../lib/gcc/arm-none-eabi/10.3.1/thumb/v7e-m/nofp/crtbegin.o
                0x24000444                . = ALIGN (0x4)

.bss            0x24000444       0xb4 load address 0x08004adc
                0x24000444                _sbss = .
                0x24000444                __bss_start__ = _sbss
 *(.bss)
 .bss           0x24000444       0x1c d:/tools/gcc-arm-none-eabi-10.3-2021.10/bin/../lib/gcc/arm-none-eabi/10.3.1/thumb/v7e-m/nofp/crtbegin.o
 *(.bss*)
 .bss.huart1    0x24000460       0x90 CMakeFiles/clionDemo.elf.dir/Core/Src/main.c.obj
                0x24000460                huart1
 .bss.uwTick    0x240004f0        0x4 CMakeFiles/clionDemo.elf.dir/Drivers/STM32H7xx_HAL_Driver/Src/stm32h7xx_hal.c.obj
                0x240004f0                uwTick
 .bss.__lock___atexit_recursive_mutex
                0x240004f4        0x1 d:/tools/gcc-arm-none-eabi-10.3-2021.10/bin/../lib/gcc/arm-none-eabi/10.3.1/../../../../arm-none-eabi/lib/thumb/v7e-m/nofp\libg.a(lib_a-lock.o)
                0x240004f4                __lock___atexit_recursive_mutex
 *(COMMON)
                0x240004f8                . = ALIGN (0x4)
 *fill*         0x240004f5        0x3 
                0x240004f8                _ebss = .
                0x240004f8                __bss_end__ = _ebss

._user_heap_stack
                0x240004f8      0x600 load address 0x08004adc
                0x240004f8                . = ALIGN (0x8)
                [!provide]                PROVIDE (end = .)
                0x240004f8                PROVIDE (_end = .)
                0x240006f8                . = (. + _Min_Heap_Size)
 *fill*         0x240004f8      0x200 
                0x24000af8                . = (. + _Min_Stack_Size)
 *fill*         0x240006f8      0x400 
                0x24000af8                . = ALIGN (0x8)

/DISCARD/
 libc.a(*)
 libm.a(*)
 libgcc.a(*)

.ARM.attributes
                0x00000000       0x2a
 *(.ARM.attributes)
 .ARM.attributes
                0x00000000       0x1e d:/tools/gcc-arm-none-eabi-10.3-2021.10/bin/../lib/gcc/arm-none-eabi/10.3.1/thumb/v7e-m/nofp/crti.o
 .ARM.attributes
                0x0000001e       0x2e d:/tools/gcc-arm-none-eabi-10.3-2021.10/bin/../lib/gcc/arm-none-eabi/10.3.1/thumb/v7e-m/nofp/crtbegin.o
 .ARM.attributes
                0x0000004c       0x2e CMakeFiles/clionDemo.elf.dir/Core/Src/main.c.obj
 .ARM.attributes
                0x0000007a       0x2e CMakeFiles/clionDemo.elf.dir/Core/Src/stm32h7xx_hal_msp.c.obj
 .ARM.attributes
                0x000000a8       0x2e CMakeFiles/clionDemo.elf.dir/Core/Src/stm32h7xx_it.c.obj
 .ARM.attributes
                0x000000d6       0x2e CMakeFiles/clionDemo.elf.dir/Core/Src/system_stm32h7xx.c.obj
 .ARM.attributes
                0x00000104       0x21 CMakeFiles/clionDemo.elf.dir/Core/Startup/startup_stm32h743iitx.s.obj
 .ARM.attributes
                0x00000125       0x2e CMakeFiles/clionDemo.elf.dir/Drivers/STM32H7xx_HAL_Driver/Src/stm32h7xx_hal.c.obj
 .ARM.attributes
                0x00000153       0x2e CMakeFiles/clionDemo.elf.dir/Drivers/STM32H7xx_HAL_Driver/Src/stm32h7xx_hal_cortex.c.obj
 .ARM.attributes
                0x00000181       0x2e CMakeFiles/clionDemo.elf.dir/Drivers/STM32H7xx_HAL_Driver/Src/stm32h7xx_hal_dma.c.obj
 .ARM.attributes
                0x000001af       0x2e CMakeFiles/clionDemo.elf.dir/Drivers/STM32H7xx_HAL_Driver/Src/stm32h7xx_hal_gpio.c.obj
 .ARM.attributes
                0x000001dd       0x2e CMakeFiles/clionDemo.elf.dir/Drivers/STM32H7xx_HAL_Driver/Src/stm32h7xx_hal_pwr_ex.c.obj
 .ARM.attributes
                0x0000020b       0x2e CMakeFiles/clionDemo.elf.dir/Drivers/STM32H7xx_HAL_Driver/Src/stm32h7xx_hal_rcc.c.obj
 .ARM.attributes
                0x00000239       0x2e CMakeFiles/clionDemo.elf.dir/Drivers/STM32H7xx_HAL_Driver/Src/stm32h7xx_hal_rcc_ex.c.obj
 .ARM.attributes
                0x00000267       0x2e CMakeFiles/clionDemo.elf.dir/Drivers/STM32H7xx_HAL_Driver/Src/stm32h7xx_hal_uart.c.obj
 .ARM.attributes
                0x00000295       0x2e CMakeFiles/clionDemo.elf.dir/Drivers/STM32H7xx_HAL_Driver/Src/stm32h7xx_hal_uart_ex.c.obj
 .ARM.attributes
                0x000002c3       0x1e d:/tools/gcc-arm-none-eabi-10.3-2021.10/bin/../lib/gcc/arm-none-eabi/10.3.1/thumb/v7e-m/nofp\libgcc.a(_arm_addsubsf3.o)
 .ARM.attributes
                0x000002e1       0x1e d:/tools/gcc-arm-none-eabi-10.3-2021.10/bin/../lib/gcc/arm-none-eabi/10.3.1/thumb/v7e-m/nofp\libgcc.a(_arm_muldivsf3.o)
 .ARM.attributes
                0x000002ff       0x1e d:/tools/gcc-arm-none-eabi-10.3-2021.10/bin/../lib/gcc/arm-none-eabi/10.3.1/thumb/v7e-m/nofp\libgcc.a(_arm_fixunssfsi.o)
 .ARM.attributes
                0x0000031d       0x1e d:/tools/gcc-arm-none-eabi-10.3-2021.10/bin/../lib/gcc/arm-none-eabi/10.3.1/thumb/v7e-m/nofp\libgcc.a(_aeabi_uldivmod.o)
 .ARM.attributes
                0x0000033b       0x2e d:/tools/gcc-arm-none-eabi-10.3-2021.10/bin/../lib/gcc/arm-none-eabi/10.3.1/thumb/v7e-m/nofp\libgcc.a(_udivmoddi4.o)
 .ARM.attributes
                0x00000369       0x1e d:/tools/gcc-arm-none-eabi-10.3-2021.10/bin/../lib/gcc/arm-none-eabi/10.3.1/thumb/v7e-m/nofp\libgcc.a(_dvmd_tls.o)
 .ARM.attributes
                0x00000387       0x2e d:/tools/gcc-arm-none-eabi-10.3-2021.10/bin/../lib/gcc/arm-none-eabi/10.3.1/../../../../arm-none-eabi/lib/thumb/v7e-m/nofp\libg.a(lib_a-impure.o)
 .ARM.attributes
                0x000003b5       0x2e d:/tools/gcc-arm-none-eabi-10.3-2021.10/bin/../lib/gcc/arm-none-eabi/10.3.1/../../../../arm-none-eabi/lib/thumb/v7e-m/nofp\libg.a(lib_a-init.o)
 .ARM.attributes
                0x000003e3       0x2e d:/tools/gcc-arm-none-eabi-10.3-2021.10/bin/../lib/gcc/arm-none-eabi/10.3.1/../../../../arm-none-eabi/lib/thumb/v7e-m/nofp\libg.a(lib_a-memset.o)
 .ARM.attributes
                0x00000411       0x2e d:/tools/gcc-arm-none-eabi-10.3-2021.10/bin/../lib/gcc/arm-none-eabi/10.3.1/../../../../arm-none-eabi/lib/thumb/v7e-m/nofp\libg.a(lib_a-__call_atexit.o)
 .ARM.attributes
                0x0000043f       0x2e d:/tools/gcc-arm-none-eabi-10.3-2021.10/bin/../lib/gcc/arm-none-eabi/10.3.1/../../../../arm-none-eabi/lib/thumb/v7e-m/nofp\libg.a(lib_a-atexit.o)
 .ARM.attributes
                0x0000046d       0x2e d:/tools/gcc-arm-none-eabi-10.3-2021.10/bin/../lib/gcc/arm-none-eabi/10.3.1/../../../../arm-none-eabi/lib/thumb/v7e-m/nofp\libg.a(lib_a-fini.o)
 .ARM.attributes
                0x0000049b       0x2e d:/tools/gcc-arm-none-eabi-10.3-2021.10/bin/../lib/gcc/arm-none-eabi/10.3.1/../../../../arm-none-eabi/lib/thumb/v7e-m/nofp\libg.a(lib_a-lock.o)
 .ARM.attributes
                0x000004c9       0x2e d:/tools/gcc-arm-none-eabi-10.3-2021.10/bin/../lib/gcc/arm-none-eabi/10.3.1/../../../../arm-none-eabi/lib/thumb/v7e-m/nofp\libg.a(lib_a-__atexit.o)
 .ARM.attributes
                0x000004f7       0x1e d:/tools/gcc-arm-none-eabi-10.3-2021.10/bin/../lib/gcc/arm-none-eabi/10.3.1/thumb/v7e-m/nofp/crtn.o
OUTPUT(clionDemo.elf elf32-littlearm)
LOAD linker stubs
LOAD d:/tools/gcc-arm-none-eabi-10.3-2021.10/bin/../lib/gcc/arm-none-eabi/10.3.1/../../../../arm-none-eabi/lib/thumb/v7e-m/nofp\libc.a
LOAD d:/tools/gcc-arm-none-eabi-10.3-2021.10/bin/../lib/gcc/arm-none-eabi/10.3.1/../../../../arm-none-eabi/lib/thumb/v7e-m/nofp\libm.a
LOAD d:/tools/gcc-arm-none-eabi-10.3-2021.10/bin/../lib/gcc/arm-none-eabi/10.3.1/thumb/v7e-m/nofp\libgcc.a

.debug_info     0x00000000    0x143b8
 .debug_info    0x00000000     0x174d CMakeFiles/clionDemo.elf.dir/Core/Src/main.c.obj
 .debug_info    0x0000174d     0x14b5 CMakeFiles/clionDemo.elf.dir/Core/Src/stm32h7xx_hal_msp.c.obj
 .debug_info    0x00002c02      0x85e CMakeFiles/clionDemo.elf.dir/Core/Src/stm32h7xx_it.c.obj
 .debug_info    0x00003460      0xaf5 CMakeFiles/clionDemo.elf.dir/Core/Src/system_stm32h7xx.c.obj
 .debug_info    0x00003f55       0x22 CMakeFiles/clionDemo.elf.dir/Core/Startup/startup_stm32h743iitx.s.obj
 .debug_info    0x00003f77     0x16a0 CMakeFiles/clionDemo.elf.dir/Drivers/STM32H7xx_HAL_Driver/Src/stm32h7xx_hal.c.obj
 .debug_info    0x00005617     0x13ea CMakeFiles/clionDemo.elf.dir/Drivers/STM32H7xx_HAL_Driver/Src/stm32h7xx_hal_cortex.c.obj
 .debug_info    0x00006a01      0xfeb CMakeFiles/clionDemo.elf.dir/Drivers/STM32H7xx_HAL_Driver/Src/stm32h7xx_hal_dma.c.obj
 .debug_info    0x000079ec      0xd66 CMakeFiles/clionDemo.elf.dir/Drivers/STM32H7xx_HAL_Driver/Src/stm32h7xx_hal_gpio.c.obj
 .debug_info    0x00008752     0x122e CMakeFiles/clionDemo.elf.dir/Drivers/STM32H7xx_HAL_Driver/Src/stm32h7xx_hal_pwr_ex.c.obj
 .debug_info    0x00009980     0x13b3 CMakeFiles/clionDemo.elf.dir/Drivers/STM32H7xx_HAL_Driver/Src/stm32h7xx_hal_rcc.c.obj
 .debug_info    0x0000ad33     0x1f48 CMakeFiles/clionDemo.elf.dir/Drivers/STM32H7xx_HAL_Driver/Src/stm32h7xx_hal_rcc_ex.c.obj
 .debug_info    0x0000cc7b     0x652f CMakeFiles/clionDemo.elf.dir/Drivers/STM32H7xx_HAL_Driver/Src/stm32h7xx_hal_uart.c.obj
 .debug_info    0x000131aa     0x120e CMakeFiles/clionDemo.elf.dir/Drivers/STM32H7xx_HAL_Driver/Src/stm32h7xx_hal_uart_ex.c.obj

.debug_abbrev   0x00000000     0x203d
 .debug_abbrev  0x00000000      0x2f7 CMakeFiles/clionDemo.elf.dir/Core/Src/main.c.obj
 .debug_abbrev  0x000002f7      0x1fb CMakeFiles/clionDemo.elf.dir/Core/Src/stm32h7xx_hal_msp.c.obj
 .debug_abbrev  0x000004f2      0x15b CMakeFiles/clionDemo.elf.dir/Core/Src/stm32h7xx_it.c.obj
 .debug_abbrev  0x0000064d      0x162 CMakeFiles/clionDemo.elf.dir/Core/Src/system_stm32h7xx.c.obj
 .debug_abbrev  0x000007af       0x12 CMakeFiles/clionDemo.elf.dir/Core/Startup/startup_stm32h743iitx.s.obj
 .debug_abbrev  0x000007c1      0x264 CMakeFiles/clionDemo.elf.dir/Drivers/STM32H7xx_HAL_Driver/Src/stm32h7xx_hal.c.obj
 .debug_abbrev  0x00000a25      0x37d CMakeFiles/clionDemo.elf.dir/Drivers/STM32H7xx_HAL_Driver/Src/stm32h7xx_hal_cortex.c.obj
 .debug_abbrev  0x00000da2      0x298 CMakeFiles/clionDemo.elf.dir/Drivers/STM32H7xx_HAL_Driver/Src/stm32h7xx_hal_dma.c.obj
 .debug_abbrev  0x0000103a      0x239 CMakeFiles/clionDemo.elf.dir/Drivers/STM32H7xx_HAL_Driver/Src/stm32h7xx_hal_gpio.c.obj
 .debug_abbrev  0x00001273      0x29b CMakeFiles/clionDemo.elf.dir/Drivers/STM32H7xx_HAL_Driver/Src/stm32h7xx_hal_pwr_ex.c.obj
 .debug_abbrev  0x0000150e      0x28c CMakeFiles/clionDemo.elf.dir/Drivers/STM32H7xx_HAL_Driver/Src/stm32h7xx_hal_rcc.c.obj
 .debug_abbrev  0x0000179a      0x285 CMakeFiles/clionDemo.elf.dir/Drivers/STM32H7xx_HAL_Driver/Src/stm32h7xx_hal_rcc_ex.c.obj
 .debug_abbrev  0x00001a1f      0x337 CMakeFiles/clionDemo.elf.dir/Drivers/STM32H7xx_HAL_Driver/Src/stm32h7xx_hal_uart.c.obj
 .debug_abbrev  0x00001d56      0x2e7 CMakeFiles/clionDemo.elf.dir/Drivers/STM32H7xx_HAL_Driver/Src/stm32h7xx_hal_uart_ex.c.obj

.debug_loc      0x00000000     0xb517
 .debug_loc     0x00000000       0xef CMakeFiles/clionDemo.elf.dir/Core/Src/main.c.obj
 .debug_loc     0x000000ef       0x9e CMakeFiles/clionDemo.elf.dir/Core/Src/stm32h7xx_hal_msp.c.obj
 .debug_loc     0x0000018d      0x21e CMakeFiles/clionDemo.elf.dir/Core/Src/system_stm32h7xx.c.obj
 .debug_loc     0x000003ab      0x3fa CMakeFiles/clionDemo.elf.dir/Drivers/STM32H7xx_HAL_Driver/Src/stm32h7xx_hal.c.obj
 .debug_loc     0x000007a5      0x726 CMakeFiles/clionDemo.elf.dir/Drivers/STM32H7xx_HAL_Driver/Src/stm32h7xx_hal_cortex.c.obj
 .debug_loc     0x00000ecb      0xe96 CMakeFiles/clionDemo.elf.dir/Drivers/STM32H7xx_HAL_Driver/Src/stm32h7xx_hal_dma.c.obj
 .debug_loc     0x00001d61      0x3c6 CMakeFiles/clionDemo.elf.dir/Drivers/STM32H7xx_HAL_Driver/Src/stm32h7xx_hal_gpio.c.obj
 .debug_loc     0x00002127      0x4df CMakeFiles/clionDemo.elf.dir/Drivers/STM32H7xx_HAL_Driver/Src/stm32h7xx_hal_pwr_ex.c.obj
 .debug_loc     0x00002606      0x96f CMakeFiles/clionDemo.elf.dir/Drivers/STM32H7xx_HAL_Driver/Src/stm32h7xx_hal_rcc.c.obj
 .debug_loc     0x00002f75     0x1bfb CMakeFiles/clionDemo.elf.dir/Drivers/STM32H7xx_HAL_Driver/Src/stm32h7xx_hal_rcc_ex.c.obj
 .debug_loc     0x00004b70     0x5d9b CMakeFiles/clionDemo.elf.dir/Drivers/STM32H7xx_HAL_Driver/Src/stm32h7xx_hal_uart.c.obj
 .debug_loc     0x0000a90b      0xc0c CMakeFiles/clionDemo.elf.dir/Drivers/STM32H7xx_HAL_Driver/Src/stm32h7xx_hal_uart_ex.c.obj

.debug_aranges  0x00000000      0xa30
 .debug_aranges
                0x00000000       0x48 CMakeFiles/clionDemo.elf.dir/Core/Src/main.c.obj
 .debug_aranges
                0x00000048       0x30 CMakeFiles/clionDemo.elf.dir/Core/Src/stm32h7xx_hal_msp.c.obj
 .debug_aranges
                0x00000078       0x68 CMakeFiles/clionDemo.elf.dir/Core/Src/stm32h7xx_it.c.obj
 .debug_aranges
                0x000000e0       0x28 CMakeFiles/clionDemo.elf.dir/Core/Src/system_stm32h7xx.c.obj
 .debug_aranges
                0x00000108       0x28 CMakeFiles/clionDemo.elf.dir/Core/Startup/startup_stm32h743iitx.s.obj
 .debug_aranges
                0x00000130      0x198 CMakeFiles/clionDemo.elf.dir/Drivers/STM32H7xx_HAL_Driver/Src/stm32h7xx_hal.c.obj
 .debug_aranges
                0x000002c8       0xb0 CMakeFiles/clionDemo.elf.dir/Drivers/STM32H7xx_HAL_Driver/Src/stm32h7xx_hal_cortex.c.obj
 .debug_aranges
                0x00000378       0xa0 CMakeFiles/clionDemo.elf.dir/Drivers/STM32H7xx_HAL_Driver/Src/stm32h7xx_hal_dma.c.obj
 .debug_aranges
                0x00000418       0x58 CMakeFiles/clionDemo.elf.dir/Drivers/STM32H7xx_HAL_Driver/Src/stm32h7xx_hal_gpio.c.obj
 .debug_aranges
                0x00000470      0x158 CMakeFiles/clionDemo.elf.dir/Drivers/STM32H7xx_HAL_Driver/Src/stm32h7xx_hal_pwr_ex.c.obj
 .debug_aranges
                0x000005c8       0x88 CMakeFiles/clionDemo.elf.dir/Drivers/STM32H7xx_HAL_Driver/Src/stm32h7xx_hal_rcc.c.obj
 .debug_aranges
                0x00000650       0xf8 CMakeFiles/clionDemo.elf.dir/Drivers/STM32H7xx_HAL_Driver/Src/stm32h7xx_hal_rcc_ex.c.obj
 .debug_aranges
                0x00000748      0x248 CMakeFiles/clionDemo.elf.dir/Drivers/STM32H7xx_HAL_Driver/Src/stm32h7xx_hal_uart.c.obj
 .debug_aranges
                0x00000990       0xa0 CMakeFiles/clionDemo.elf.dir/Drivers/STM32H7xx_HAL_Driver/Src/stm32h7xx_hal_uart_ex.c.obj

.debug_ranges   0x00000000      0xaa0
 .debug_ranges  0x00000000       0x38 CMakeFiles/clionDemo.elf.dir/Core/Src/main.c.obj
 .debug_ranges  0x00000038       0x20 CMakeFiles/clionDemo.elf.dir/Core/Src/stm32h7xx_hal_msp.c.obj
 .debug_ranges  0x00000058       0x58 CMakeFiles/clionDemo.elf.dir/Core/Src/stm32h7xx_it.c.obj
 .debug_ranges  0x000000b0       0x18 CMakeFiles/clionDemo.elf.dir/Core/Src/system_stm32h7xx.c.obj
 .debug_ranges  0x000000c8       0x20 CMakeFiles/clionDemo.elf.dir/Core/Startup/startup_stm32h743iitx.s.obj
 .debug_ranges  0x000000e8      0x188 CMakeFiles/clionDemo.elf.dir/Drivers/STM32H7xx_HAL_Driver/Src/stm32h7xx_hal.c.obj
 .debug_ranges  0x00000270      0x100 CMakeFiles/clionDemo.elf.dir/Drivers/STM32H7xx_HAL_Driver/Src/stm32h7xx_hal_cortex.c.obj
 .debug_ranges  0x00000370       0xa8 CMakeFiles/clionDemo.elf.dir/Drivers/STM32H7xx_HAL_Driver/Src/stm32h7xx_hal_dma.c.obj
 .debug_ranges  0x00000418       0x48 CMakeFiles/clionDemo.elf.dir/Drivers/STM32H7xx_HAL_Driver/Src/stm32h7xx_hal_gpio.c.obj
 .debug_ranges  0x00000460      0x1a8 CMakeFiles/clionDemo.elf.dir/Drivers/STM32H7xx_HAL_Driver/Src/stm32h7xx_hal_pwr_ex.c.obj
 .debug_ranges  0x00000608       0xe8 CMakeFiles/clionDemo.elf.dir/Drivers/STM32H7xx_HAL_Driver/Src/stm32h7xx_hal_rcc.c.obj
 .debug_ranges  0x000006f0       0xe8 CMakeFiles/clionDemo.elf.dir/Drivers/STM32H7xx_HAL_Driver/Src/stm32h7xx_hal_rcc_ex.c.obj
 .debug_ranges  0x000007d8      0x238 CMakeFiles/clionDemo.elf.dir/Drivers/STM32H7xx_HAL_Driver/Src/stm32h7xx_hal_uart.c.obj
 .debug_ranges  0x00000a10       0x90 CMakeFiles/clionDemo.elf.dir/Drivers/STM32H7xx_HAL_Driver/Src/stm32h7xx_hal_uart_ex.c.obj

.debug_line     0x00000000     0xfb00
 .debug_line    0x00000000      0x6ba CMakeFiles/clionDemo.elf.dir/Core/Src/main.c.obj
 .debug_line    0x000006ba      0x32a CMakeFiles/clionDemo.elf.dir/Core/Src/stm32h7xx_hal_msp.c.obj
 .debug_line    0x000009e4      0x2f9 CMakeFiles/clionDemo.elf.dir/Core/Src/stm32h7xx_it.c.obj
 .debug_line    0x00000cdd      0x40f CMakeFiles/clionDemo.elf.dir/Core/Src/system_stm32h7xx.c.obj
 .debug_line    0x000010ec       0x9a CMakeFiles/clionDemo.elf.dir/Core/Startup/startup_stm32h743iitx.s.obj
 .debug_line    0x00001186      0x8fa CMakeFiles/clionDemo.elf.dir/Drivers/STM32H7xx_HAL_Driver/Src/stm32h7xx_hal.c.obj
 .debug_line    0x00001a80      0x7c5 CMakeFiles/clionDemo.elf.dir/Drivers/STM32H7xx_HAL_Driver/Src/stm32h7xx_hal_cortex.c.obj
 .debug_line    0x00002245     0x2460 CMakeFiles/clionDemo.elf.dir/Drivers/STM32H7xx_HAL_Driver/Src/stm32h7xx_hal_dma.c.obj
 .debug_line    0x000046a5      0x6dc CMakeFiles/clionDemo.elf.dir/Drivers/STM32H7xx_HAL_Driver/Src/stm32h7xx_hal_gpio.c.obj
 .debug_line    0x00004d81      0xaba CMakeFiles/clionDemo.elf.dir/Drivers/STM32H7xx_HAL_Driver/Src/stm32h7xx_hal_pwr_ex.c.obj
 .debug_line    0x0000583b     0x1214 CMakeFiles/clionDemo.elf.dir/Drivers/STM32H7xx_HAL_Driver/Src/stm32h7xx_hal_rcc.c.obj
 .debug_line    0x00006a4f     0x1d6c CMakeFiles/clionDemo.elf.dir/Drivers/STM32H7xx_HAL_Driver/Src/stm32h7xx_hal_rcc_ex.c.obj
 .debug_line    0x000087bb     0x662c CMakeFiles/clionDemo.elf.dir/Drivers/STM32H7xx_HAL_Driver/Src/stm32h7xx_hal_uart.c.obj
 .debug_line    0x0000ede7      0xd19 CMakeFiles/clionDemo.elf.dir/Drivers/STM32H7xx_HAL_Driver/Src/stm32h7xx_hal_uart_ex.c.obj

.debug_str      0x00000000     0x463a
 .debug_str     0x00000000      0xcf3 CMakeFiles/clionDemo.elf.dir/Core/Src/main.c.obj
                                0xdb9 (size before relaxing)
 .debug_str     0x00000cf3      0xbfe CMakeFiles/clionDemo.elf.dir/Core/Src/stm32h7xx_hal_msp.c.obj
                               0x1642 (size before relaxing)
 .debug_str     0x000018f1       0xef CMakeFiles/clionDemo.elf.dir/Core/Src/stm32h7xx_it.c.obj
                                0x81c (size before relaxing)
 .debug_str     0x000019e0      0x295 CMakeFiles/clionDemo.elf.dir/Core/Src/system_stm32h7xx.c.obj
                                0x68c (size before relaxing)
 .debug_str     0x00001c75       0x48 CMakeFiles/clionDemo.elf.dir/Core/Startup/startup_stm32h743iitx.s.obj
                                 0x7b (size before relaxing)
 .debug_str     0x00001cbd      0x746 CMakeFiles/clionDemo.elf.dir/Drivers/STM32H7xx_HAL_Driver/Src/stm32h7xx_hal.c.obj
                               0x14d4 (size before relaxing)
 .debug_str     0x00002403      0x552 CMakeFiles/clionDemo.elf.dir/Drivers/STM32H7xx_HAL_Driver/Src/stm32h7xx_hal_cortex.c.obj
                               0x106c (size before relaxing)
 .debug_str     0x00002955      0x40f CMakeFiles/clionDemo.elf.dir/Drivers/STM32H7xx_HAL_Driver/Src/stm32h7xx_hal_dma.c.obj
                                0x9ef (size before relaxing)
 .debug_str     0x00002d64       0xe9 CMakeFiles/clionDemo.elf.dir/Drivers/STM32H7xx_HAL_Driver/Src/stm32h7xx_hal_gpio.c.obj
                                0x6f8 (size before relaxing)
 .debug_str     0x00002e4d      0x566 CMakeFiles/clionDemo.elf.dir/Drivers/STM32H7xx_HAL_Driver/Src/stm32h7xx_hal_pwr_ex.c.obj
                                0xa6d (size before relaxing)
 .debug_str     0x000033b3      0x1a4 CMakeFiles/clionDemo.elf.dir/Drivers/STM32H7xx_HAL_Driver/Src/stm32h7xx_hal_rcc.c.obj
                                0xa80 (size before relaxing)
 .debug_str     0x00003557      0x5d7 CMakeFiles/clionDemo.elf.dir/Drivers/STM32H7xx_HAL_Driver/Src/stm32h7xx_hal_rcc_ex.c.obj
                                0xf62 (size before relaxing)
 .debug_str     0x00003b2e      0x8cb CMakeFiles/clionDemo.elf.dir/Drivers/STM32H7xx_HAL_Driver/Src/stm32h7xx_hal_uart.c.obj
                               0x14af (size before relaxing)
 .debug_str     0x000043f9      0x241 CMakeFiles/clionDemo.elf.dir/Drivers/STM32H7xx_HAL_Driver/Src/stm32h7xx_hal_uart_ex.c.obj
                                0xb7e (size before relaxing)

.comment        0x00000000       0x49
 .comment       0x00000000       0x49 CMakeFiles/clionDemo.elf.dir/Core/Src/main.c.obj
                                 0x4a (size before relaxing)
 .comment       0x00000049       0x4a CMakeFiles/clionDemo.elf.dir/Core/Src/stm32h7xx_hal_msp.c.obj
 .comment       0x00000049       0x4a CMakeFiles/clionDemo.elf.dir/Core/Src/stm32h7xx_it.c.obj
 .comment       0x00000049       0x4a CMakeFiles/clionDemo.elf.dir/Core/Src/system_stm32h7xx.c.obj
 .comment       0x00000049       0x4a CMakeFiles/clionDemo.elf.dir/Drivers/STM32H7xx_HAL_Driver/Src/stm32h7xx_hal.c.obj
 .comment       0x00000049       0x4a CMakeFiles/clionDemo.elf.dir/Drivers/STM32H7xx_HAL_Driver/Src/stm32h7xx_hal_cortex.c.obj
 .comment       0x00000049       0x4a CMakeFiles/clionDemo.elf.dir/Drivers/STM32H7xx_HAL_Driver/Src/stm32h7xx_hal_dma.c.obj
 .comment       0x00000049       0x4a CMakeFiles/clionDemo.elf.dir/Drivers/STM32H7xx_HAL_Driver/Src/stm32h7xx_hal_gpio.c.obj
 .comment       0x00000049       0x4a CMakeFiles/clionDemo.elf.dir/Drivers/STM32H7xx_HAL_Driver/Src/stm32h7xx_hal_pwr_ex.c.obj
 .comment       0x00000049       0x4a CMakeFiles/clionDemo.elf.dir/Drivers/STM32H7xx_HAL_Driver/Src/stm32h7xx_hal_rcc.c.obj
 .comment       0x00000049       0x4a CMakeFiles/clionDemo.elf.dir/Drivers/STM32H7xx_HAL_Driver/Src/stm32h7xx_hal_rcc_ex.c.obj
 .comment       0x00000049       0x4a CMakeFiles/clionDemo.elf.dir/Drivers/STM32H7xx_HAL_Driver/Src/stm32h7xx_hal_uart.c.obj
 .comment       0x00000049       0x4a CMakeFiles/clionDemo.elf.dir/Drivers/STM32H7xx_HAL_Driver/Src/stm32h7xx_hal_uart_ex.c.obj

.debug_frame    0x00000000     0x1bdc
 .debug_frame   0x00000000       0xb0 CMakeFiles/clionDemo.elf.dir/Core/Src/main.c.obj
 .debug_frame   0x000000b0       0x64 CMakeFiles/clionDemo.elf.dir/Core/Src/stm32h7xx_hal_msp.c.obj
 .debug_frame   0x00000114       0xc0 CMakeFiles/clionDemo.elf.dir/Core/Src/stm32h7xx_it.c.obj
 .debug_frame   0x000001d4       0x40 CMakeFiles/clionDemo.elf.dir/Core/Src/system_stm32h7xx.c.obj
 .debug_frame   0x00000214      0x360 CMakeFiles/clionDemo.elf.dir/Drivers/STM32H7xx_HAL_Driver/Src/stm32h7xx_hal.c.obj
 .debug_frame   0x00000574      0x158 CMakeFiles/clionDemo.elf.dir/Drivers/STM32H7xx_HAL_Driver/Src/stm32h7xx_hal_cortex.c.obj
 .debug_frame   0x000006cc      0x1fc CMakeFiles/clionDemo.elf.dir/Drivers/STM32H7xx_HAL_Driver/Src/stm32h7xx_hal_dma.c.obj
 .debug_frame   0x000008c8       0xd0 CMakeFiles/clionDemo.elf.dir/Drivers/STM32H7xx_HAL_Driver/Src/stm32h7xx_hal_gpio.c.obj
 .debug_frame   0x00000998      0x2f4 CMakeFiles/clionDemo.elf.dir/Drivers/STM32H7xx_HAL_Driver/Src/stm32h7xx_hal_pwr_ex.c.obj
 .debug_frame   0x00000c8c      0x188 CMakeFiles/clionDemo.elf.dir/Drivers/STM32H7xx_HAL_Driver/Src/stm32h7xx_hal_rcc.c.obj
 .debug_frame   0x00000e14      0x284 CMakeFiles/clionDemo.elf.dir/Drivers/STM32H7xx_HAL_Driver/Src/stm32h7xx_hal_rcc_ex.c.obj
 .debug_frame   0x00001098      0x688 CMakeFiles/clionDemo.elf.dir/Drivers/STM32H7xx_HAL_Driver/Src/stm32h7xx_hal_uart.c.obj
 .debug_frame   0x00001720      0x1c8 CMakeFiles/clionDemo.elf.dir/Drivers/STM32H7xx_HAL_Driver/Src/stm32h7xx_hal_uart_ex.c.obj
 .debug_frame   0x000018e8       0x4c d:/tools/gcc-arm-none-eabi-10.3-2021.10/bin/../lib/gcc/arm-none-eabi/10.3.1/thumb/v7e-m/nofp\libgcc.a(_arm_addsubsf3.o)
 .debug_frame   0x00001934       0x38 d:/tools/gcc-arm-none-eabi-10.3-2021.10/bin/../lib/gcc/arm-none-eabi/10.3.1/thumb/v7e-m/nofp\libgcc.a(_arm_muldivsf3.o)
 .debug_frame   0x0000196c       0x24 d:/tools/gcc-arm-none-eabi-10.3-2021.10/bin/../lib/gcc/arm-none-eabi/10.3.1/thumb/v7e-m/nofp\libgcc.a(_arm_fixunssfsi.o)
 .debug_frame   0x00001990       0x2c d:/tools/gcc-arm-none-eabi-10.3-2021.10/bin/../lib/gcc/arm-none-eabi/10.3.1/thumb/v7e-m/nofp\libgcc.a(_aeabi_uldivmod.o)
 .debug_frame   0x000019bc       0x34 d:/tools/gcc-arm-none-eabi-10.3-2021.10/bin/../lib/gcc/arm-none-eabi/10.3.1/thumb/v7e-m/nofp\libgcc.a(_udivmoddi4.o)
 .debug_frame   0x000019f0       0x2c d:/tools/gcc-arm-none-eabi-10.3-2021.10/bin/../lib/gcc/arm-none-eabi/10.3.1/../../../../arm-none-eabi/lib/thumb/v7e-m/nofp\libg.a(lib_a-init.o)
 .debug_frame   0x00001a1c       0x2c d:/tools/gcc-arm-none-eabi-10.3-2021.10/bin/../lib/gcc/arm-none-eabi/10.3.1/../../../../arm-none-eabi/lib/thumb/v7e-m/nofp\libg.a(lib_a-memset.o)
 .debug_frame   0x00001a48       0x5c d:/tools/gcc-arm-none-eabi-10.3-2021.10/bin/../lib/gcc/arm-none-eabi/10.3.1/../../../../arm-none-eabi/lib/thumb/v7e-m/nofp\libg.a(lib_a-__call_atexit.o)
 .debug_frame   0x00001aa4       0x20 d:/tools/gcc-arm-none-eabi-10.3-2021.10/bin/../lib/gcc/arm-none-eabi/10.3.1/../../../../arm-none-eabi/lib/thumb/v7e-m/nofp\libg.a(lib_a-atexit.o)
 .debug_frame   0x00001ac4       0x34 d:/tools/gcc-arm-none-eabi-10.3-2021.10/bin/../lib/gcc/arm-none-eabi/10.3.1/../../../../arm-none-eabi/lib/thumb/v7e-m/nofp\libg.a(lib_a-fini.o)
 .debug_frame   0x00001af8       0xb0 d:/tools/gcc-arm-none-eabi-10.3-2021.10/bin/../lib/gcc/arm-none-eabi/10.3.1/../../../../arm-none-eabi/lib/thumb/v7e-m/nofp\libg.a(lib_a-lock.o)
 .debug_frame   0x00001ba8       0x34 d:/tools/gcc-arm-none-eabi-10.3-2021.10/bin/../lib/gcc/arm-none-eabi/10.3.1/../../../../arm-none-eabi/lib/thumb/v7e-m/nofp\libg.a(lib_a-__atexit.o)
